Microchip MPLAB XC8 Compiler V2.31

Linker command line:

-W-3 --edf=C:\Program Files\Microchip\xc8\v2.31\pic\dat\en_msgs.txt -cn \
  -h+dist/default/production\GreenPomp_2021.X.production.sym \
  --cmf=dist/default/production\GreenPomp_2021.X.production.cmf -z \
  -Q16F18323 -oC:\Users\pc\AppData\Local\Temp\sc7c.2 \
  --defsym=__MPLAB_BUILD=1 \
  -Mdist/default/production/GreenPomp_2021.X.production.map -E1 \
  -ver=XC8 Compiler -ASTACK=02041h-020EFh -pstack=STACK -ACODE=00h-07FFh \
  -ASTRCODE=00h-07FFh -ASTRING=00h-0FFhx8 -ACONST=00h-0FFhx8 \
  -AENTRY=00h-0FFhx8 -ACOMMON=070h-07Fh -ABANK0=020h-06Fh -ABANK1=0A0h-0EFh \
  -ABANK2=0120h-016Fh -ABIGRAM=02000h-020EFh \
  -ARAM=020h-06Fh,0A0h-0EFh,0120h-016Fh \
  -AABS1=020h-07Fh,0A0h-0EFh,0120h-016Fh -ASFR0=00h-01Fh -ASFR1=080h-09Fh \
  -ASFR2=0100h-011Fh -ASFR3=0180h-01EFh -ASFR4=0200h-026Fh \
  -ASFR5=0280h-02EFh -ASFR6=0300h-036Fh -ASFR7=0380h-03EFh \
  -ASFR8=0400h-046Fh -ASFR9=0480h-04EFh -ASFR10=0500h-056Fh \
  -ASFR11=0580h-05EFh -ASFR12=0600h-066Fh -ASFR13=0680h-06EFh \
  -ASFR14=0700h-076Fh -ASFR15=0780h-07EFh -ASFR16=0800h-086Fh \
  -ASFR17=0880h-08EFh -ASFR18=0900h-096Fh -ASFR19=0980h-09EFh \
  -ASFR20=0A00h-0A6Fh -ASFR21=0A80h-0AEFh -ASFR22=0B00h-0B6Fh \
  -ASFR23=0B80h-0BEFh -ASFR24=0C00h-0C6Fh -ASFR25=0C80h-0CEFh \
  -ASFR26=0D00h-0D6Fh -ASFR27=0D80h-0DEFh -ASFR28=0E00h-0E6Fh \
  -ASFR29=0E80h-0EEFh -ASFR30=0F00h-0F6Fh -ASFR31=0F80h-0FEFh \
  -ACONFIG=08007h-0800Ah -DCONFIG=2 -AIDLOC=08000h-08003h -DIDLOC=2 \
  -AEEDATA=00h-0FFh/0F000h -peeprom_data=EEDATA -DEEDATA=2 -DCODE=2 \
  -DSTRCODE=2 -DSTRING=2 -DCONST=2 -DENTRY=2 \
  -preset_vec=00h,intentry=04h,init,end_init -ppowerup=CODE -pcinit=CODE \
  -pfunctab=ENTRY -k C:\Users\pc\AppData\Local\Temp\sc7c.o \
  dist/default/production\GreenPomp_2021.X.production.o 

Object code version is 3.11

Machine type is 16F18323



                Name                               Link     Load   Length Selector   Space Scale
C:\Users\pc\AppData\Local\Temp\sc7c.o
                end_init                             11       11        1        8       0
                reset_vec                             0        0        1        0       0
                config                             8007     8007        4        0       4
dist/default/production\GreenPomp_2021.X.production.o
                cinit                                12       12        D        8       0
                intentry                              4        4        D        8       0
                config                             8007     8007        4        0       4
                text38                              5FF      5FF       23        8       0
                text37                              7D8      7D8        1      FB0       0
                text36                              76B      76B        E      CC4       0
                text35                              73F      73F       10      CC4       0
                text33                              79C      79C        8      F08       0
                text32                              794      794        8      F08       0
                text31                              69C      69C       1B      CC4       0
                text30                              78C      78C        8      F08       0
                text29                              75D      75D        E      CC4       0
                text28                              7B0      7B0        6      F54       0
                text27                              718      718       14      CC4       0
                text26                              7C8      7C8        4      F88       0
                text25                              784      784        8      F08       0
                text24                              571      571       33        8       0
                text23                              622      622       22        8       0
                text22                              680      680       1C      CC4       0
                text21                              6E9      6E9       19      CC4       0
                text20                              72C      72C       13      CC4       0
                text19                              6D0      6D0       19      CC4       0
                text18                              503      503       3A        8       0
                text17                              53D      53D       34        8       0
                text16                              5D3      5D3       2C        8       0
                text15                              4BD      4BD       46        8       0
                text14                              6B7      6B7       19      CC4       0
                text13                              662      662       1E      CC4       0
                text12                              41E      41E       58        8       0
                text11                              7C4      7C4        4      F88       0
                text10                              7BB      7BB        5      F54       0
                text9                               7D5      7D5        2      F9E       0
                text8                               7D2      7D2        3      F9E       0
                text7                               7B6      7B6        5      F54       0
                text6                               74F      74F        E      CC4       0
                text5                               7AA      7AA        6      F54       0
                text4                               7CF      7CF        3      F9E       0
                text3                               5A4      5A4       2F        8       0
                text2                               702      702       16      CC4       0
                text1                               476      476       47        8       0
                maintext                             1F       1F      3FF        8       0
                cstackBANK0                          20       20       34       20       1
                cstackCOMMON                         70       70        A       70       1
                bssBANK0                             54       54        9       20       1
                nvBANK0                              5D       5D        4       20       1
                nvCOMMON                             7A       7A        2       70       1
                stringtext6                         7D7      7D7        1      FAE       0
                stringtext5                         7CC      7CC        3      F98       0
                stringtext4                         7C0      7C0        4      F80       0
                stringtext3                         7A4      7A4        6      F48       0
                stringtext2                         779      779        B      EF2       0
                stringtext1                         644      644       1E      C88       0

TOTAL           Name                               Link     Load   Length     Space
        CLASS   STACK          

        CLASS   CODE           
                end_init                             11       11        1         0
                cinit                                12       12        D         0
                intentry                              4        4        D         0
                reset_vec                             0        0        1         0
                text38                              5FF      5FF       23         0
                text37                              7D8      7D8        1         0
                text36                              76B      76B        E         0
                text35                              73F      73F       10         0
                text33                              79C      79C        8         0
                text32                              794      794        8         0
                text31                              69C      69C       1B         0
                text30                              78C      78C        8         0
                text29                              75D      75D        E         0
                text28                              7B0      7B0        6         0
                text27                              718      718       14         0
                text26                              7C8      7C8        4         0
                text25                              784      784        8         0
                text24                              571      571       33         0
                text23                              622      622       22         0
                text22                              680      680       1C         0
                text21                              6E9      6E9       19         0
                text20                              72C      72C       13         0
                text19                              6D0      6D0       19         0
                text18                              503      503       3A         0
                text17                              53D      53D       34         0
                text16                              5D3      5D3       2C         0
                text15                              4BD      4BD       46         0
                text14                              6B7      6B7       19         0
                text13                              662      662       1E         0
                text12                              41E      41E       58         0
                text11                              7C4      7C4        4         0
                text10                              7BB      7BB        5         0
                text9                               7D5      7D5        2         0
                text8                               7D2      7D2        3         0
                text7                               7B6      7B6        5         0
                text6                               74F      74F        E         0
                text5                               7AA      7AA        6         0
                text4                               7CF      7CF        3         0
                text3                               5A4      5A4       2F         0
                text2                               702      702       16         0
                text1                               476      476       47         0
                maintext                             1F       1F      3FF         0

        CLASS   STRCODE        
                stringtext6                         7D7      7D7        1         0
                stringtext5                         7CC      7CC        3         0
                stringtext4                         7C0      7C0        4         0
                stringtext3                         7A4      7A4        6         0
                stringtext2                         779      779        B         0
                stringtext1                         644      644       1E         0

        CLASS   STRING         

        CLASS   CONST          

        CLASS   ENTRY          

        CLASS   COMMON         
                cstackCOMMON                         70       70        A         1
                nvCOMMON                             7A       7A        2         1

        CLASS   BANK0          
                cstackBANK0                          20       20       34         1
                bssBANK0                             54       54        9         1
                nvBANK0                              5D       5D        4         1

        CLASS   BANK1          

        CLASS   BANK2          

        CLASS   BIGRAM         

        CLASS   RAM            

        CLASS   ABS1           
                abs_s1                               7E       7E        2         1

        CLASS   SFR0           

        CLASS   SFR1           

        CLASS   SFR2           

        CLASS   SFR3           

        CLASS   SFR4           

        CLASS   SFR5           

        CLASS   SFR6           

        CLASS   SFR7           

        CLASS   SFR8           

        CLASS   SFR9           

        CLASS   SFR10          

        CLASS   SFR11          

        CLASS   SFR12          

        CLASS   SFR13          

        CLASS   SFR14          

        CLASS   SFR15          

        CLASS   SFR16          

        CLASS   SFR17          

        CLASS   SFR18          

        CLASS   SFR19          

        CLASS   SFR20          

        CLASS   SFR21          

        CLASS   SFR22          

        CLASS   SFR23          

        CLASS   SFR24          

        CLASS   SFR25          

        CLASS   SFR26          

        CLASS   SFR27          

        CLASS   SFR28          

        CLASS   SFR29          

        CLASS   SFR30          

        CLASS   SFR31          

        CLASS   CONFIG         
                config                             8007     8007        4         4

        CLASS   IDLOC          

        CLASS   EEDATA         

        CLASS   BANK31         

        CLASS   BANK30         

        CLASS   BANK29         

        CLASS   BANK28         

        CLASS   BANK27         

        CLASS   BANK26         

        CLASS   BANK25         

        CLASS   BANK24         

        CLASS   BANK23         

        CLASS   BANK22         

        CLASS   BANK21         

        CLASS   BANK20         

        CLASS   BANK19         

        CLASS   BANK18         

        CLASS   BANK17         

        CLASS   BANK16         

        CLASS   BANK15         

        CLASS   BANK14         

        CLASS   BANK13         

        CLASS   BANK12         

        CLASS   BANK11         

        CLASS   BANK10         

        CLASS   BANK9          

        CLASS   BANK8          

        CLASS   BANK7          

        CLASS   BANK6          

        CLASS   BANK5          

        CLASS   BANK4          

        CLASS   BANK3          



SEGMENTS        Name                           Load    Length   Top    Selector   Space  Class     Delta

                reset_vec                      000000  000001  000001         0       0  CODE        2
                intentry                       000004  000640  000644         8       0  CODE        2
                cstackBANK0                    000020  000041  000061        20       1  BANK0       1
                cstackCOMMON                   000070  00000C  00007C        70       1  COMMON      1
                stringtext1                    000644  00001E  000662       C88       0  STRCODE     2
                text13                         000662  000117  000779       CC4       0  CODE        2
                stringtext2                    000779  00000B  000784       EF2       0  STRCODE     2
                text25                         000784  000020  0007A4       F08       0  CODE        2
                stringtext3                    0007A4  000006  0007AA       F48       0  STRCODE     2
                text5                          0007AA  000016  0007C0       F54       0  CODE        2
                stringtext4                    0007C0  000004  0007C4       F80       0  STRCODE     2
                text11                         0007C4  000008  0007CC       F88       0  CODE        2
                stringtext5                    0007CC  000003  0007CF       F98       0  STRCODE     2
                text4                          0007CF  000008  0007D7       F9E       0  CODE        2
                stringtext6                    0007D7  000001  0007D8       FAE       0  STRCODE     2
                text37                         0007D8  000001  0007D9       FB0       0  CODE        2


UNUSED ADDRESS RANGES

        Name                Unused          Largest block    Delta
        BANK0            00061-0006F               F           1
        BANK1            000A0-000EF              50           1
        BANK2            00120-0016F              50           1
        BIGRAM           02000-020EF              F0           1
        CODE             00001-00003               3           2
                         007D9-007FF              27
        COMMON           0007C-0007D               2           1
        CONST            00001-00003               3           2
                         007D9-007FF              27
        EEDATA           0F000-0F0FF             100           2
        ENTRY            00001-00003               3           2
                         007D9-007FF              27
        IDLOC            08000-08003               4           2
        RAM              00061-0006F               F           1
                         000A0-000EF              50
                         00120-0016F              50
        SFR0             00000-0001F              20           1
        SFR1             00080-0009F              20           1
        SFR10            00500-0056F              70           1
        SFR11            00580-005EF              70           1
        SFR12            00600-0066F              70           1
        SFR13            00680-006EF              70           1
        SFR14            00700-0076F              70           1
        SFR15            00780-007EF              70           1
        SFR16            00800-0086F              70           1
        SFR17            00880-008EF              70           1
        SFR18            00900-0096F              70           1
        SFR19            00980-009EF              70           1
        SFR2             00100-0011F              20           1
        SFR20            00A00-00A6F              70           1
        SFR21            00A80-00AEF              70           1
        SFR22            00B00-00B6F              70           1
        SFR23            00B80-00BEF              70           1
        SFR24            00C00-00C6F              70           1
        SFR25            00C80-00CEF              70           1
        SFR26            00D00-00D6F              70           1
        SFR27            00D80-00DEF              70           1
        SFR28            00E00-00E6F              70           1
        SFR29            00E80-00EEF              70           1
        SFR3             00180-001EF              70           1
        SFR30            00F00-00F6F              70           1
        SFR31            00F80-00FEF              70           1
        SFR4             00200-0026F              70           1
        SFR5             00280-002EF              70           1
        SFR6             00300-0036F              70           1
        SFR7             00380-003EF              70           1
        SFR8             00400-0046F              70           1
        SFR9             00480-004EF              70           1
        STACK            02041-020EF              AF           1
        STRCODE          00001-00003               3           2
                         007D9-007FF              27
        STRING           00001-00003               3           2
                         007D9-007FF              27

                                  Symbol Table

?_ADC_GetConversion                       cstackCOMMON 00072
?___lmul                                  cstackBANK0  00022
?___lwdiv                                 cstackCOMMON 00072
?___lwmod                                 cstackCOMMON 00072
?___wmul                                  cstackCOMMON 00076
ADC_GetConversion@channel                 cstackCOMMON 00075
TM1640_LEDarray@pattern                   cstackCOMMON 00079
TM1640_LEDarray@value                     cstackCOMMON 00078
TM1640_LEDarrayOFF@pattern                cstackCOMMON 00078
TM1640_diplayOFF@digit                    cstackCOMMON 00078
TM1640_dispDEC@digit_high                 cstackBANK0  00025
TM1640_dispDEC@digit_low                  cstackBANK0  00022
TM1640_dispDEC@dot                        cstackBANK0  00023
TM1640_dispINT@digit_high                 cstackBANK0  00024
TM1640_dispINT@digit_low                  cstackBANK0  00023
TM1640_dispINT@value                      cstackBANK0  00020
TM1640_dispVoltage@data                   cstackBANK0  00028
TM1640_dispVoltage@digit_high             cstackBANK0  00027
TM1640_dispVoltage@digit_low              cstackBANK0  00026
TM1640_dispVoltage@value                  cstackBANK0  00022
TM1640_dispVoltage@voltage                cstackBANK0  00029
TM1640_sendAddress_and_Data@adress        cstackCOMMON 00076
TM1640_sendAddress_and_Data@data          cstackCOMMON 00075
TM1640_sendByte@data                      cstackCOMMON 00073
TM1640_sendByte@i                         cstackCOMMON 00074
TM1640_sendCommand@command                cstackCOMMON 00075
TMR0_WriteTimer@timerVal                  cstackCOMMON 00072
TMR1_SetInterruptHandler@InterruptHandler cstackCOMMON 00072
TMR1_WriteTimer@timerVal                  cstackCOMMON 00072
_ADACT                                    (abs)        0009F
_ADCON0                                   (abs)        0009D
_ADCON0bits                               (abs)        0009D
_ADCON1                                   (abs)        0009E
_ADC_GetConversion                        text2        00702
_ADC_Initialize                           text33       0079C
_ADRESH                                   (abs)        0009C
_ADRESL                                   (abs)        0009B
_ANSELA                                   (abs)        0018C
_ANSELC                                   (abs)        0018E
_INTCONbits                               (abs)        0000B
_INTERRUPT_InterruptManager               intentry     00004
_LATA                                     (abs)        0010C
_LATC                                     (abs)        0010E
_LATCbits                                 (abs)        0010E
_LED_PATTERN                              stringtext3  007A4
_LO_BAT                                   stringtext5  007CC
_NUMBER_FONT                              stringtext2  00779
_ODCONA                                   (abs)        0028C
_ODCONC                                   (abs)        0028E
_OSCCON1                                  (abs)        00919
_OSCCON3                                  (abs)        0091B
_OSCEN                                    (abs)        0091D
_OSCFRQ                                   (abs)        0091F
_OSCILLATOR_Initialize                    text32       00794
_OSCTUNE                                  (abs)        0091E
_PIE1bits                                 (abs)        00091
_PIN_MANAGER_Initialize                   text31       0069C
_PIR0bits                                 (abs)        00010
_PIR1bits                                 (abs)        00011
_PMD0                                     (abs)        00911
_PMD1                                     (abs)        00912
_PMD2                                     (abs)        00913
_PMD3                                     (abs)        00914
_PMD4                                     (abs)        00915
_PMD5                                     (abs)        00916
_PMD_Initialize                           text30       0078C
_PORTAbits                                (abs)        0000C
_SYSTEM_Initialize                        text25       00784
_T0CON0                                   (abs)        00017
_T0CON0bits                               (abs)        00017
_T0CON1                                   (abs)        00018
_T1CKIPPSbits                             (abs)        00E12
_T1CON                                    (abs)        0001B
_T1CONbits                                (abs)        0001B
_T1GCON                                   (abs)        0001C
_TM1640_LEDarray                          text21       006E9
_TM1640_LEDarrayOFF                       text20       0072C
_TM1640_diplayOFF                         text19       006D0
_TM1640_dispDEC                           text18       00503
_TM1640_dispINT                           text15       004BD
_TM1640_dispLowBat                        text14       006B7
_TM1640_dispVoltage                       text12       0041E
_TM1640_init                              text11       007C4
_TM1640_sendAddress_and_Data              text23       00622
_TM1640_sendByte                          text24       00571
_TM1640_sendCommand                       text22       00680
_TMR0H                                    (abs)        00016
_TMR0L                                    (abs)        00015
_TMR0_Initialize                          text29       0075D
_TMR0_Reload                              text10       007BB
_TMR0_StartTimer                          text9        007D5
_TMR0_StopTimer                           text8        007D2
_TMR0_WriteTimer                          text7        007B6
_TMR1H                                    (abs)        0001A
_TMR1L                                    (abs)        00019
_TMR1_DefaultInterruptHandler             text37       007D8
_TMR1_ISR                                 text35       0073F
_TMR1_Initialize                          text27       00718
_TMR1_InterruptHandler                    nvBANK0      0005D
_TMR1_Reload                              text5        007AA
_TMR1_SetInterruptHandler                 text28       007B0
_TMR1_StartTimer                          text4        007CF
_TMR1_WriteTimer                          text6        0074F
_TRISA                                    (abs)        0008C
_TRISC                                    (abs)        0008E
_TimeCheck_ISR                            text38       005FF
_WDTCON                                   (abs)        00097
_WDT_Initialize                           text26       007C8
_WPUA                                     (abs)        0020C
_WPUC                                     (abs)        0020E
__Habs1                                   abs1         00000
__Hbank0                                  bank0        00000
__Hbank1                                  bank1        00000
__Hbank10                                 bank10       00000
__Hbank11                                 bank11       00000
__Hbank12                                 bank12       00000
__Hbank13                                 bank13       00000
__Hbank14                                 bank14       00000
__Hbank15                                 bank15       00000
__Hbank16                                 bank16       00000
__Hbank17                                 bank17       00000
__Hbank18                                 bank18       00000
__Hbank19                                 bank19       00000
__Hbank2                                  bank2        00000
__Hbank20                                 bank20       00000
__Hbank21                                 bank21       00000
__Hbank22                                 bank22       00000
__Hbank23                                 bank23       00000
__Hbank24                                 bank24       00000
__Hbank25                                 bank25       00000
__Hbank26                                 bank26       00000
__Hbank27                                 bank27       00000
__Hbank28                                 bank28       00000
__Hbank29                                 bank29       00000
__Hbank3                                  bank3        00000
__Hbank30                                 bank30       00000
__Hbank31                                 bank31       00000
__Hbank4                                  bank4        00000
__Hbank5                                  bank5        00000
__Hbank6                                  bank6        00000
__Hbank7                                  bank7        00000
__Hbank8                                  bank8        00000
__Hbank9                                  bank9        00000
__Hbigram                                 bigram       00000
__HbssBANK0                               bssBANK0     00000
__Hcinit                                  cinit        0001F
__Hclrtext                                clrtext      00000
__Hcode                                   code         00000
__Hcommon                                 common       00000
__Hconfig                                 config       0800B
__HcstackBANK0                            cstackBANK0  00000
__HcstackCOMMON                           cstackCOMMON 00000
__Heeprom_data                            eeprom_data  00000
__Hend_init                               end_init     00012
__Hfunctab                                functab      00000
__Hinit                                   init         00011
__Hintentry                               intentry     00011
__Hmaintext                               maintext     00000
__HnvBANK0                                nvBANK0      00000
__HnvCOMMON                               nvCOMMON     00000
__Hpowerup                                powerup      00000
__Hram                                    ram          00000
__Hreset_vec                              reset_vec    00001
__Hsfr0                                   sfr0         00000
__Hsfr1                                   sfr1         00000
__Hsfr10                                  sfr10        00000
__Hsfr11                                  sfr11        00000
__Hsfr12                                  sfr12        00000
__Hsfr13                                  sfr13        00000
__Hsfr14                                  sfr14        00000
__Hsfr15                                  sfr15        00000
__Hsfr16                                  sfr16        00000
__Hsfr17                                  sfr17        00000
__Hsfr18                                  sfr18        00000
__Hsfr19                                  sfr19        00000
__Hsfr2                                   sfr2         00000
__Hsfr20                                  sfr20        00000
__Hsfr21                                  sfr21        00000
__Hsfr22                                  sfr22        00000
__Hsfr23                                  sfr23        00000
__Hsfr24                                  sfr24        00000
__Hsfr25                                  sfr25        00000
__Hsfr26                                  sfr26        00000
__Hsfr27                                  sfr27        00000
__Hsfr28                                  sfr28        00000
__Hsfr29                                  sfr29        00000
__Hsfr3                                   sfr3         00000
__Hsfr30                                  sfr30        00000
__Hsfr31                                  sfr31        00000
__Hsfr4                                   sfr4         00000
__Hsfr5                                   sfr5         00000
__Hsfr6                                   sfr6         00000
__Hsfr7                                   sfr7         00000
__Hsfr8                                   sfr8         00000
__Hsfr9                                   sfr9         00000
__Hspace_0                                (abs)        007D9
__Hspace_1                                (abs)        0007C
__Hspace_2                                (abs)        00000
__Hspace_3                                (abs)        00000
__Hspace_4                                (abs)        10012
__Hstack                                  stack        00000
__Hstrings                                strings      00000
__Hstringtext1                            stringtext1  00000
__Hstringtext2                            stringtext2  00000
__Hstringtext3                            stringtext3  00000
__Hstringtext4                            stringtext4  00000
__Hstringtext5                            stringtext5  00000
__Hstringtext6                            stringtext6  00000
__Htext                                   text         00000
__Labs1                                   abs1         00000
__Lbank0                                  bank0        00000
__Lbank1                                  bank1        00000
__Lbank10                                 bank10       00000
__Lbank11                                 bank11       00000
__Lbank12                                 bank12       00000
__Lbank13                                 bank13       00000
__Lbank14                                 bank14       00000
__Lbank15                                 bank15       00000
__Lbank16                                 bank16       00000
__Lbank17                                 bank17       00000
__Lbank18                                 bank18       00000
__Lbank19                                 bank19       00000
__Lbank2                                  bank2        00000
__Lbank20                                 bank20       00000
__Lbank21                                 bank21       00000
__Lbank22                                 bank22       00000
__Lbank23                                 bank23       00000
__Lbank24                                 bank24       00000
__Lbank25                                 bank25       00000
__Lbank26                                 bank26       00000
__Lbank27                                 bank27       00000
__Lbank28                                 bank28       00000
__Lbank29                                 bank29       00000
__Lbank3                                  bank3        00000
__Lbank30                                 bank30       00000
__Lbank31                                 bank31       00000
__Lbank4                                  bank4        00000
__Lbank5                                  bank5        00000
__Lbank6                                  bank6        00000
__Lbank7                                  bank7        00000
__Lbank8                                  bank8        00000
__Lbank9                                  bank9        00000
__Lbigram                                 bigram       00000
__LbssBANK0                               bssBANK0     00000
__Lcinit                                  cinit        00012
__Lclrtext                                clrtext      00000
__Lcode                                   code         00000
__Lcommon                                 common       00000
__Lconfig                                 config       00000
__LcstackBANK0                            cstackBANK0  00000
__LcstackCOMMON                           cstackCOMMON 00000
__Leeprom_data                            eeprom_data  00000
__Lend_init                               end_init     00011
__Lfunctab                                functab      00000
__Linit                                   init         00011
__Lintentry                               intentry     00004
__Lmaintext                               maintext     00000
__LnvBANK0                                nvBANK0      00000
__LnvCOMMON                               nvCOMMON     00000
__Lpowerup                                powerup      00000
__Lram                                    ram          00000
__Lreset_vec                              reset_vec    00000
__Lsfr0                                   sfr0         00000
__Lsfr1                                   sfr1         00000
__Lsfr10                                  sfr10        00000
__Lsfr11                                  sfr11        00000
__Lsfr12                                  sfr12        00000
__Lsfr13                                  sfr13        00000
__Lsfr14                                  sfr14        00000
__Lsfr15                                  sfr15        00000
__Lsfr16                                  sfr16        00000
__Lsfr17                                  sfr17        00000
__Lsfr18                                  sfr18        00000
__Lsfr19                                  sfr19        00000
__Lsfr2                                   sfr2         00000
__Lsfr20                                  sfr20        00000
__Lsfr21                                  sfr21        00000
__Lsfr22                                  sfr22        00000
__Lsfr23                                  sfr23        00000
__Lsfr24                                  sfr24        00000
__Lsfr25                                  sfr25        00000
__Lsfr26                                  sfr26        00000
__Lsfr27                                  sfr27        00000
__Lsfr28                                  sfr28        00000
__Lsfr29                                  sfr29        00000
__Lsfr3                                   sfr3         00000
__Lsfr30                                  sfr30        00000
__Lsfr31                                  sfr31        00000
__Lsfr4                                   sfr4         00000
__Lsfr5                                   sfr5         00000
__Lsfr6                                   sfr6         00000
__Lsfr7                                   sfr7         00000
__Lsfr8                                   sfr8         00000
__Lsfr9                                   sfr9         00000
__Lspace_0                                (abs)        00000
__Lspace_1                                (abs)        00000
__Lspace_2                                (abs)        00000
__Lspace_3                                (abs)        00000
__Lspace_4                                (abs)        00000
__Lstack                                  stack        00000
__Lstrings                                strings      00000
__Lstringtext1                            stringtext1  00000
__Lstringtext2                            stringtext2  00000
__Lstringtext3                            stringtext3  00000
__Lstringtext4                            stringtext4  00000
__Lstringtext5                            stringtext5  00000
__Lstringtext6                            stringtext6  00000
__Ltext                                   text         00000
__S0                                      (abs)        007D9
__S1                                      (abs)        0007C
__S2                                      (abs)        00000
__S3                                      (abs)        00000
___int_sp                                 stack        00000
___latbits                                (abs)        00000
___lmul                                   text3        005A4
___lmul@multiplicand                      cstackBANK0  00026
___lmul@multiplier                        cstackBANK0  00022
___lmul@product                           cstackBANK0  0002A
___lwdiv                                  text17       0053D
___lwdiv@counter                          cstackCOMMON 00079
___lwdiv@dividend                         cstackCOMMON 00074
___lwdiv@divisor                          cstackCOMMON 00072
___lwdiv@quotient                         cstackCOMMON 00077
___lwmod                                  text16       005D3
___lwmod@counter                          cstackCOMMON 00077
___lwmod@dividend                         cstackCOMMON 00074
___lwmod@divisor                          cstackCOMMON 00072
___sp                                     stack        00000
___stackhi                                (abs)        020EF
___stacklo                                (abs)        02041
___wmul                                   text13       00662
___wmul@multiplicand                      cstackCOMMON 00078
___wmul@multiplier                        cstackCOMMON 00076
___wmul@product                           cstackBANK0  00020
__end_of_ADC_GetConversion                text2        00718
__end_of_ADC_Initialize                   text33       007A4
__end_of_DOT                              stringtext6  007D8
__end_of_INTERRUPT_InterruptManager       intentry     00011
__end_of_LED_PATTERN                      stringtext3  007AA
__end_of_LO_BAT                           stringtext5  007CF
__end_of_NUMBER_FONT                      stringtext2  00784
__end_of_OSCILLATOR_Initialize            text32       0079C
__end_of_PIN_MANAGER_Initialize           text31       006B7
__end_of_PMD_Initialize                   text30       00794
__end_of_SYSTEM_Initialize                text25       0078C
__end_of_TM1640_LEDarray                  text21       00702
__end_of_TM1640_LEDarrayOFF               text20       0073F
__end_of_TM1640_diplayOFF                 text19       006E9
__end_of_TM1640_dispDEC                   text18       0053D
__end_of_TM1640_dispINT                   text15       00503
__end_of_TM1640_dispLowBat                text14       006D0
__end_of_TM1640_dispVoltage               text12       00476
__end_of_TM1640_init                      text11       007C8
__end_of_TM1640_sendAddress_and_Data      text23       00644
__end_of_TM1640_sendByte                  text24       005A4
__end_of_TM1640_sendCommand               text22       0069C
__end_of_TMR0_Initialize                  text29       0076B
__end_of_TMR0_Reload                      text10       007C0
__end_of_TMR0_StartTimer                  text9        007D7
__end_of_TMR0_StopTimer                   text8        007D5
__end_of_TMR0_WriteTimer                  text7        007BB
__end_of_TMR1_DefaultInterruptHandler     text37       007D9
__end_of_TMR1_ISR                         text35       0074F
__end_of_TMR1_Initialize                  text27       0072C
__end_of_TMR1_Reload                      text5        007B0
__end_of_TMR1_SetInterruptHandler         text28       007B6
__end_of_TMR1_StartTimer                  text4        007D2
__end_of_TMR1_WriteTimer                  text6        0075D
__end_of_TimeCheck_ISR                    text38       00622
__end_of_WDT_Initialize                   text26       007CC
__end_of___lmul                           text3        005D3
__end_of___lwdiv                          text17       00571
__end_of___lwmod                          text16       005FF
__end_of___wmul                           text13       00680
__end_of__initialization                  cinit        0001C
__end_of_main                             maintext     0041E
__end_of_voltage_index                    text1        004BD
__end_ofi1_TMR1_WriteTimer                text36       00779
__end_ofmain@interval                     stringtext1  00662
__end_ofmain@timeUnitH                    stringtext4  007C4
__initialization                          cinit        00012
__pbssBANK0                               bssBANK0     00054
__pcstackBANK0                            cstackBANK0  00020
__pcstackCOMMON                           cstackCOMMON 00070
__pintentry                               intentry     00004
__pmaintext                               maintext     0001F
__pnvBANK0                                nvBANK0      0005D
__pnvCOMMON                               nvCOMMON     0007A
__pstringtext1                            stringtext1  00644
__pstringtext2                            stringtext2  00779
__pstringtext3                            stringtext3  007A4
__pstringtext4                            stringtext4  007C0
__pstringtext5                            stringtext5  007CC
__pstringtext6                            stringtext6  007D7
__ptext1                                  text1        00476
__ptext10                                 text10       007BB
__ptext11                                 text11       007C4
__ptext12                                 text12       0041E
__ptext13                                 text13       00662
__ptext14                                 text14       006B7
__ptext15                                 text15       004BD
__ptext16                                 text16       005D3
__ptext17                                 text17       0053D
__ptext18                                 text18       00503
__ptext19                                 text19       006D0
__ptext2                                  text2        00702
__ptext20                                 text20       0072C
__ptext21                                 text21       006E9
__ptext22                                 text22       00680
__ptext23                                 text23       00622
__ptext24                                 text24       00571
__ptext25                                 text25       00784
__ptext26                                 text26       007C8
__ptext27                                 text27       00718
__ptext28                                 text28       007B0
__ptext29                                 text29       0075D
__ptext3                                  text3        005A4
__ptext30                                 text30       0078C
__ptext31                                 text31       0069C
__ptext32                                 text32       00794
__ptext33                                 text33       0079C
__ptext35                                 text35       0073F
__ptext36                                 text36       0076B
__ptext37                                 text37       007D8
__ptext38                                 text38       005FF
__ptext4                                  text4        007CF
__ptext5                                  text5        007AA
__ptext6                                  text6        0074F
__ptext7                                  text7        007B6
__ptext8                                  text8        007D2
__ptext9                                  text9        007D5
__size_of_ADC_GetConversion               (abs)        00000
__size_of_ADC_Initialize                  (abs)        00000
__size_of_INTERRUPT_InterruptManager      (abs)        00000
__size_of_OSCILLATOR_Initialize           (abs)        00000
__size_of_PIN_MANAGER_Initialize          (abs)        00000
__size_of_PMD_Initialize                  (abs)        00000
__size_of_SYSTEM_Initialize               (abs)        00000
__size_of_TM1640_LEDarray                 (abs)        00000
__size_of_TM1640_LEDarrayOFF              (abs)        00000
__size_of_TM1640_diplayOFF                (abs)        00000
__size_of_TM1640_dispDEC                  (abs)        00000
__size_of_TM1640_dispINT                  (abs)        00000
__size_of_TM1640_dispLowBat               (abs)        00000
__size_of_TM1640_dispVoltage              (abs)        00000
__size_of_TM1640_init                     (abs)        00000
__size_of_TM1640_sendAddress_and_Data     (abs)        00000
__size_of_TM1640_sendByte                 (abs)        00000
__size_of_TM1640_sendCommand              (abs)        00000
__size_of_TMR0_Initialize                 (abs)        00000
__size_of_TMR0_Reload                     (abs)        00000
__size_of_TMR0_StartTimer                 (abs)        00000
__size_of_TMR0_StopTimer                  (abs)        00000
__size_of_TMR0_WriteTimer                 (abs)        00000
__size_of_TMR1_DefaultInterruptHandler    (abs)        00000
__size_of_TMR1_ISR                        (abs)        00000
__size_of_TMR1_Initialize                 (abs)        00000
__size_of_TMR1_Reload                     (abs)        00000
__size_of_TMR1_SetInterruptHandler        (abs)        00000
__size_of_TMR1_StartTimer                 (abs)        00000
__size_of_TMR1_WriteTimer                 (abs)        00000
__size_of_TimeCheck_ISR                   (abs)        00000
__size_of_WDT_Initialize                  (abs)        00000
__size_of___lmul                          (abs)        00000
__size_of___lwdiv                         (abs)        00000
__size_of___lwmod                         (abs)        00000
__size_of___wmul                          (abs)        00000
__size_of_main                            (abs)        00000
__size_of_voltage_index                   (abs)        00000
__size_ofi1_TMR1_WriteTimer               (abs)        00000
_fireFlg                                  bssBANK0     0005C
_main                                     maintext     0001F
_target_count                             bssBANK0     00054
_timer0ReloadVal16bit                     nvCOMMON     0007A
_timer1ReloadVal                          nvBANK0      0005F
_voltage_index                            text1        00476
_waitTimeCounter                          bssBANK0     00058
btemp                                     (abs)        0007E
end_of_initialization                     cinit        0001C
i1TMR1_WriteTimer@timerVal                cstackCOMMON 00070
i1_TMR1_WriteTimer                        text36       0076B
int$flags                                 (abs)        0007E
intlevel0                                 functab      00000
intlevel1                                 functab      00000
intlevel2                                 functab      00000
intlevel3                                 functab      00000
intlevel4                                 functab      00000
intlevel5                                 functab      00000
main@T0ReloadVal1                         cstackBANK0  00045
main@adcCounts                            cstackBANK0  0004D
main@adc_integration                      cstackBANK0  00049
main@batLowFlg                            cstackBANK0  0003F
main@delay_counts                         cstackBANK0  00051
main@delta                                cstackBANK0  00040
main@index                                cstackBANK0  00053
main@interval                             stringtext1  00644
main@level                                cstackBANK0  00044
main@parity                               cstackBANK0  0003E
main@sec                                  cstackBANK0  00042
main@target_integration                   cstackBANK0  0003A
main@timer0ReloadVal16bit2                cstackBANK0  00038
main@timer0ReloadVal16bit3                cstackBANK0  0004F
main@vol_counts                           cstackBANK0  00036
main@vt                                   cstackBANK0  00047
main@waterCounts                          cstackBANK0  00043
reset_vec                                 reset_vec    00000
start                                     init         00011
start_initialization                      cinit        00012
voltage_index@voltage                     cstackBANK0  00024
wtemp0                                    (abs)        0007E


FUNCTION INFORMATION:

 *************** function _main *****************
 Defined at:
		line 88 in file "main.c"
 Parameters:    Size  Location     Type
		None
 Auto vars:     Size  Location     Type
  adc_integrat    4   41[BANK0 ] unsigned long 
  target_integ    4   26[BANK0 ] unsigned long 
  delay_counts    2   49[BANK0 ] unsigned int 
  timer0Reload    2   47[BANK0 ] unsigned int 
  adcCounts       2   45[BANK0 ] unsigned int 
  vt              2   39[BANK0 ] unsigned int 
  T0ReloadVal1    2   37[BANK0 ] unsigned int 
  delta           2   32[BANK0 ] unsigned int 
  timer0Reload    2   24[BANK0 ] unsigned int 
  vol_counts      2   22[BANK0 ] unsigned int 
  index           1   51[BANK0 ] unsigned char 
  level           1   36[BANK0 ] unsigned char 
  waterCounts     1   35[BANK0 ] unsigned char 
  sec             1   34[BANK0 ] unsigned char 
  batLowFlg       1   31[BANK0 ] unsigned char 
  parity          1   30[BANK0 ] unsigned char 
 Return value:  Size  Location     Type
                  1    wreg      void 
 Registers used:
		wreg, fsr0l, fsr0h, status,2, status,0, pclath, cstack
 Tracked objects:
		On entry : 
		On exit  : 
		Unchanged: 
 Data sizes:     COMMON   BANK0   BANK1   BANK2
      Params:         0       0       0       0
      Locals:         0      30       0       0
      Temps:          0       8       0       0
      Totals:         0      38       0       0
Total ram usage:       38 bytes
 Hardware stack levels required when called:    6
 This function calls:
		_ADC_GetConversion
		_SYSTEM_Initialize
		_TM1640_LEDarray
		_TM1640_LEDarrayOFF
		_TM1640_diplayOFF
		_TM1640_dispDEC
		_TM1640_dispINT
		_TM1640_dispLowBat
		_TM1640_dispVoltage
		_TM1640_init
		_TMR0_Reload
		_TMR0_StartTimer
		_TMR0_StopTimer
		_TMR0_WriteTimer
		_TMR1_Reload
		_TMR1_SetInterruptHandler
		_TMR1_StartTimer
		___lmul
		___wmul
		_voltage_index
 This function is called by:
		Startup code after reset
 This function uses a non-reentrant model


 *************** function _voltage_index *****************
 Defined at:
		line 59 in file "main.c"
 Parameters:    Size  Location     Type
		None
 Auto vars:     Size  Location     Type
  voltage         2    4[BANK0 ] unsigned int 
 Return value:  Size  Location     Type
                  1    wreg      unsigned char 
 Registers used:
		wreg, status,2, status,0, pclath, cstack
 Tracked objects:
		On entry : 
		On exit  : 
		Unchanged: 
 Data sizes:     COMMON   BANK0   BANK1   BANK2
      Params:         0       0       0       0
      Locals:         0       2       0       0
      Temps:          0       2       0       0
      Totals:         0       4       0       0
Total ram usage:        4 bytes
 Hardware stack levels used:    1
 Hardware stack levels required when called:    4
 This function calls:
		_ADC_GetConversion
		___wmul
 This function is called by:
		_main
 This function uses a non-reentrant model


 *************** function _ADC_GetConversion *****************
 Defined at:
		line 113 in file "mcc_generated_files/adc.c"
 Parameters:    Size  Location     Type
  channel         1    wreg     enum E4690
 Auto vars:     Size  Location     Type
  channel         1    5[COMMON] enum E4690
 Return value:  Size  Location     Type
                  2    2[COMMON] unsigned int 
 Registers used:
		wreg, status,2, status,0
 Tracked objects:
		On entry : 
		On exit  : 
		Unchanged: 
 Data sizes:     COMMON   BANK0   BANK1   BANK2
      Params:         2       0       0       0
      Locals:         1       0       0       0
      Temps:          1       0       0       0
      Totals:         4       0       0       0
Total ram usage:        4 bytes
 Hardware stack levels used:    1
 Hardware stack levels required when called:    3
 This function calls:
		Nothing
 This function is called by:
		_voltage_index
		_main
 This function uses a non-reentrant model


 *************** function ___lmul *****************
 Defined at:
		line 15 in file "C:\Program Files\Microchip\xc8\v2.31\pic\sources\c90\common\Umul32.c"
 Parameters:    Size  Location     Type
  multiplier      4    2[BANK0 ] unsigned long 
  multiplicand    4    6[BANK0 ] unsigned long 
 Auto vars:     Size  Location     Type
  product         4   10[BANK0 ] unsigned long 
 Return value:  Size  Location     Type
                  4    2[BANK0 ] unsigned long 
 Registers used:
		wreg, status,2, status,0
 Tracked objects:
		On entry : 
		On exit  : 
		Unchanged: 
 Data sizes:     COMMON   BANK0   BANK1   BANK2
      Params:         0       8       0       0
      Locals:         0       4       0       0
      Temps:          0       0       0       0
      Totals:         0      12       0       0
Total ram usage:       12 bytes
 Hardware stack levels used:    1
 Hardware stack levels required when called:    3
 This function calls:
		Nothing
 This function is called by:
		_main
 This function uses a non-reentrant model


 *************** function _TMR1_StartTimer *****************
 Defined at:
		line 93 in file "mcc_generated_files/tmr1.c"
 Parameters:    Size  Location     Type
		None
 Auto vars:     Size  Location     Type
		None
 Return value:  Size  Location     Type
                  1    wreg      void 
 Registers used:
		None
 Tracked objects:
		On entry : 
		On exit  : 
		Unchanged: 
 Data sizes:     COMMON   BANK0   BANK1   BANK2
      Params:         0       0       0       0
      Locals:         0       0       0       0
      Temps:          0       0       0       0
      Totals:         0       0       0       0
Total ram usage:        0 bytes
 Hardware stack levels used:    1
 Hardware stack levels required when called:    3
 This function calls:
		Nothing
 This function is called by:
		_main
 This function uses a non-reentrant model


 *************** function _TMR1_Reload *****************
 Defined at:
		line 142 in file "mcc_generated_files/tmr1.c"
 Parameters:    Size  Location     Type
		None
 Auto vars:     Size  Location     Type
		None
 Return value:  Size  Location     Type
                  1    wreg      void 
 Registers used:
		wreg, status,2, status,0, pclath, cstack
 Tracked objects:
		On entry : 
		On exit  : 
		Unchanged: 
 Data sizes:     COMMON   BANK0   BANK1   BANK2
      Params:         0       0       0       0
      Locals:         0       0       0       0
      Temps:          0       0       0       0
      Totals:         0       0       0       0
Total ram usage:        0 bytes
 Hardware stack levels used:    1
 Hardware stack levels required when called:    4
 This function calls:
		_TMR1_WriteTimer
 This function is called by:
		_main
 This function uses a non-reentrant model


 *************** function _TMR1_WriteTimer *****************
 Defined at:
		line 120 in file "mcc_generated_files/tmr1.c"
 Parameters:    Size  Location     Type
  timerVal        2    2[COMMON] unsigned int 
 Auto vars:     Size  Location     Type
		None
 Return value:  Size  Location     Type
                  1    wreg      void 
 Registers used:
		wreg
 Tracked objects:
		On entry : 
		On exit  : 
		Unchanged: 
 Data sizes:     COMMON   BANK0   BANK1   BANK2
      Params:         2       0       0       0
      Locals:         0       0       0       0
      Temps:          0       0       0       0
      Totals:         2       0       0       0
Total ram usage:        2 bytes
 Hardware stack levels used:    1
 Hardware stack levels required when called:    3
 This function calls:
		Nothing
 This function is called by:
		_TMR1_Reload
 This function uses a non-reentrant model


 *************** function _TMR0_WriteTimer *****************
 Defined at:
		line 113 in file "mcc_generated_files/tmr0.c"
 Parameters:    Size  Location     Type
  timerVal        2    2[COMMON] unsigned int 
 Auto vars:     Size  Location     Type
		None
 Return value:  Size  Location     Type
                  1    wreg      void 
 Registers used:
		wreg
 Tracked objects:
		On entry : 
		On exit  : 
		Unchanged: 
 Data sizes:     COMMON   BANK0   BANK1   BANK2
      Params:         2       0       0       0
      Locals:         0       0       0       0
      Temps:          0       0       0       0
      Totals:         2       0       0       0
Total ram usage:        2 bytes
 Hardware stack levels used:    1
 Hardware stack levels required when called:    3
 This function calls:
		Nothing
 This function is called by:
		_main
 This function uses a non-reentrant model


 *************** function _TMR0_StopTimer *****************
 Defined at:
		line 94 in file "mcc_generated_files/tmr0.c"
 Parameters:    Size  Location     Type
		None
 Auto vars:     Size  Location     Type
		None
 Return value:  Size  Location     Type
                  1    wreg      void 
 Registers used:
		None
 Tracked objects:
		On entry : 
		On exit  : 
		Unchanged: 
 Data sizes:     COMMON   BANK0   BANK1   BANK2
      Params:         0       0       0       0
      Locals:         0       0       0       0
      Temps:          0       0       0       0
      Totals:         0       0       0       0
Total ram usage:        0 bytes
 Hardware stack levels used:    1
 Hardware stack levels required when called:    3
 This function calls:
		Nothing
 This function is called by:
		_main
 This function uses a non-reentrant model


 *************** function _TMR0_StartTimer *****************
 Defined at:
		line 88 in file "mcc_generated_files/tmr0.c"
 Parameters:    Size  Location     Type
		None
 Auto vars:     Size  Location     Type
		None
 Return value:  Size  Location     Type
                  1    wreg      void 
 Registers used:
		None
 Tracked objects:
		On entry : 
		On exit  : 
		Unchanged: 
 Data sizes:     COMMON   BANK0   BANK1   BANK2
      Params:         0       0       0       0
      Locals:         0       0       0       0
      Temps:          0       0       0       0
      Totals:         0       0       0       0
Total ram usage:        0 bytes
 Hardware stack levels used:    1
 Hardware stack levels required when called:    3
 This function calls:
		Nothing
 This function is called by:
		_main
 This function uses a non-reentrant model


 *************** function _TMR0_Reload *****************
 Defined at:
		line 120 in file "mcc_generated_files/tmr0.c"
 Parameters:    Size  Location     Type
		None
 Auto vars:     Size  Location     Type
		None
 Return value:  Size  Location     Type
                  1    wreg      void 
 Registers used:
		wreg
 Tracked objects:
		On entry : 
		On exit  : 
		Unchanged: 
 Data sizes:     COMMON   BANK0   BANK1   BANK2
      Params:         0       0       0       0
      Locals:         0       0       0       0
      Temps:          0       0       0       0
      Totals:         0       0       0       0
Total ram usage:        0 bytes
 Hardware stack levels used:    1
 Hardware stack levels required when called:    3
 This function calls:
		Nothing
 This function is called by:
		_main
 This function uses a non-reentrant model


 *************** function _TM1640_init *****************
 Defined at:
		line 4 in file "TM1640.c"
 Parameters:    Size  Location     Type
		None
 Auto vars:     Size  Location     Type
		None
 Return value:  Size  Location     Type
                  1    wreg      void 
 Registers used:
		None
 Tracked objects:
		On entry : 
		On exit  : 
		Unchanged: 
 Data sizes:     COMMON   BANK0   BANK1   BANK2
      Params:         0       0       0       0
      Locals:         0       0       0       0
      Temps:          0       0       0       0
      Totals:         0       0       0       0
Total ram usage:        0 bytes
 Hardware stack levels used:    1
 Hardware stack levels required when called:    3
 This function calls:
		Nothing
 This function is called by:
		_main
 This function uses a non-reentrant model


 *************** function _TM1640_dispVoltage *****************
 Defined at:
		line 96 in file "TM1640.c"
 Parameters:    Size  Location     Type
  value           2    2[BANK0 ] unsigned int 
 Auto vars:     Size  Location     Type
  voltage         2    9[BANK0 ] unsigned int 
  data            1    8[BANK0 ] unsigned char 
  digit_high      1    7[BANK0 ] unsigned char 
  digit_low       1    6[BANK0 ] unsigned char 
 Return value:  Size  Location     Type
                  1    wreg      void 
 Registers used:
		wreg, fsr0l, fsr0h, status,2, status,0, pclath, cstack
 Tracked objects:
		On entry : 
		On exit  : 
		Unchanged: 
 Data sizes:     COMMON   BANK0   BANK1   BANK2
      Params:         0       2       0       0
      Locals:         0       5       0       0
      Temps:          0       2       0       0
      Totals:         0       9       0       0
Total ram usage:        9 bytes
 Hardware stack levels used:    1
 Hardware stack levels required when called:    5
 This function calls:
		_TM1640_sendAddress_and_Data
		_TM1640_sendCommand
		___lwdiv
		___lwmod
		___wmul
 This function is called by:
		_main
 This function uses a non-reentrant model


 *************** function ___wmul *****************
 Defined at:
		line 15 in file "C:\Program Files\Microchip\xc8\v2.31\pic\sources\c90\common\Umul16.c"
 Parameters:    Size  Location     Type
  multiplier      2    6[COMMON] unsigned int 
  multiplicand    2    8[COMMON] unsigned int 
 Auto vars:     Size  Location     Type
  product         2    0[BANK0 ] unsigned int 
 Return value:  Size  Location     Type
                  2    6[COMMON] unsigned int 
 Registers used:
		wreg, status,2, status,0
 Tracked objects:
		On entry : 
		On exit  : 
		Unchanged: 
 Data sizes:     COMMON   BANK0   BANK1   BANK2
      Params:         4       0       0       0
      Locals:         0       2       0       0
      Temps:          0       0       0       0
      Totals:         4       2       0       0
Total ram usage:        6 bytes
 Hardware stack levels used:    1
 Hardware stack levels required when called:    3
 This function calls:
		Nothing
 This function is called by:
		_voltage_index
		_main
		_TM1640_dispVoltage
 This function uses a non-reentrant model


 *************** function _TM1640_dispLowBat *****************
 Defined at:
		line 110 in file "TM1640.c"
 Parameters:    Size  Location     Type
		None
 Auto vars:     Size  Location     Type
		None
 Return value:  Size  Location     Type
                  1    wreg      void 
 Registers used:
		wreg, fsr0l, fsr0h, status,2, status,0, pclath, cstack
 Tracked objects:
		On entry : 
		On exit  : 
		Unchanged: 
 Data sizes:     COMMON   BANK0   BANK1   BANK2
      Params:         0       0       0       0
      Locals:         0       0       0       0
      Temps:          1       0       0       0
      Totals:         1       0       0       0
Total ram usage:        1 bytes
 Hardware stack levels used:    1
 Hardware stack levels required when called:    5
 This function calls:
		_TM1640_sendAddress_and_Data
		_TM1640_sendCommand
 This function is called by:
		_main
 This function uses a non-reentrant model


 *************** function _TM1640_dispINT *****************
 Defined at:
		line 68 in file "TM1640.c"
 Parameters:    Size  Location     Type
  value           2    0[BANK0 ] unsigned int 
 Auto vars:     Size  Location     Type
  digit_high      1    4[BANK0 ] unsigned char 
  digit_low       1    3[BANK0 ] unsigned char 
 Return value:  Size  Location     Type
                  1    wreg      void 
 Registers used:
		wreg, fsr0l, fsr0h, status,2, status,0, pclath, cstack
 Tracked objects:
		On entry : 
		On exit  : 
		Unchanged: 
 Data sizes:     COMMON   BANK0   BANK1   BANK2
      Params:         0       2       0       0
      Locals:         0       2       0       0
      Temps:          0       1       0       0
      Totals:         0       5       0       0
Total ram usage:        5 bytes
 Hardware stack levels used:    1
 Hardware stack levels required when called:    5
 This function calls:
		_TM1640_sendAddress_and_Data
		_TM1640_sendCommand
		___lwdiv
		___lwmod
 This function is called by:
		_main
 This function uses a non-reentrant model


 *************** function ___lwmod *****************
 Defined at:
		line 5 in file "C:\Program Files\Microchip\xc8\v2.31\pic\sources\c90\common\lwmod.c"
 Parameters:    Size  Location     Type
  divisor         2    2[COMMON] unsigned int 
  dividend        2    4[COMMON] unsigned int 
 Auto vars:     Size  Location     Type
  counter         1    7[COMMON] unsigned char 
 Return value:  Size  Location     Type
                  2    2[COMMON] unsigned int 
 Registers used:
		wreg, status,2, status,0
 Tracked objects:
		On entry : 
		On exit  : 
		Unchanged: 
 Data sizes:     COMMON   BANK0   BANK1   BANK2
      Params:         4       0       0       0
      Locals:         1       0       0       0
      Temps:          1       0       0       0
      Totals:         6       0       0       0
Total ram usage:        6 bytes
 Hardware stack levels used:    1
 Hardware stack levels required when called:    3
 This function calls:
		Nothing
 This function is called by:
		_TM1640_dispINT
		_TM1640_dispVoltage
 This function uses a non-reentrant model


 *************** function ___lwdiv *****************
 Defined at:
		line 5 in file "C:\Program Files\Microchip\xc8\v2.31\pic\sources\c90\common\lwdiv.c"
 Parameters:    Size  Location     Type
  divisor         2    2[COMMON] unsigned int 
  dividend        2    4[COMMON] unsigned int 
 Auto vars:     Size  Location     Type
  quotient        2    7[COMMON] unsigned int 
  counter         1    9[COMMON] unsigned char 
 Return value:  Size  Location     Type
                  2    2[COMMON] unsigned int 
 Registers used:
		wreg, status,2, status,0
 Tracked objects:
		On entry : 
		On exit  : 
		Unchanged: 
 Data sizes:     COMMON   BANK0   BANK1   BANK2
      Params:         4       0       0       0
      Locals:         3       0       0       0
      Temps:          1       0       0       0
      Totals:         8       0       0       0
Total ram usage:        8 bytes
 Hardware stack levels used:    1
 Hardware stack levels required when called:    3
 This function calls:
		Nothing
 This function is called by:
		_TM1640_dispINT
		_TM1640_dispVoltage
 This function uses a non-reentrant model


 *************** function _TM1640_dispDEC *****************
 Defined at:
		line 81 in file "TM1640.c"
 Parameters:    Size  Location     Type
  digit_high      1    wreg     unsigned char 
  digit_low       1    2[BANK0 ] unsigned char 
  dot             1    3[BANK0 ] unsigned char 
 Auto vars:     Size  Location     Type
  digit_high      1    5[BANK0 ] unsigned char 
 Return value:  Size  Location     Type
                  1    wreg      void 
 Registers used:
		wreg, fsr0l, fsr0h, status,2, status,0, pclath, cstack
 Tracked objects:
		On entry : 
		On exit  : 
		Unchanged: 
 Data sizes:     COMMON   BANK0   BANK1   BANK2
      Params:         0       2       0       0
      Locals:         0       1       0       0
      Temps:          0       1       0       0
      Totals:         0       4       0       0
Total ram usage:        4 bytes
 Hardware stack levels used:    1
 Hardware stack levels required when called:    5
 This function calls:
		_TM1640_sendAddress_and_Data
		_TM1640_sendCommand
 This function is called by:
		_main
 This function uses a non-reentrant model


 *************** function _TM1640_diplayOFF *****************
 Defined at:
		line 117 in file "TM1640.c"
 Parameters:    Size  Location     Type
		None
 Auto vars:     Size  Location     Type
  digit           1    8[COMMON] unsigned char 
 Return value:  Size  Location     Type
                  1    wreg      void 
 Registers used:
		wreg, fsr0l, fsr0h, status,2, status,0, pclath, cstack
 Tracked objects:
		On entry : 
		On exit  : 
		Unchanged: 
 Data sizes:     COMMON   BANK0   BANK1   BANK2
      Params:         0       0       0       0
      Locals:         1       0       0       0
      Temps:          1       0       0       0
      Totals:         2       0       0       0
Total ram usage:        2 bytes
 Hardware stack levels used:    1
 Hardware stack levels required when called:    5
 This function calls:
		_TM1640_sendAddress_and_Data
		_TM1640_sendCommand
 This function is called by:
		_main
 This function uses a non-reentrant model


 *************** function _TM1640_LEDarrayOFF *****************
 Defined at:
		line 135 in file "TM1640.c"
 Parameters:    Size  Location     Type
		None
 Auto vars:     Size  Location     Type
  pattern         1    8[COMMON] unsigned char 
 Return value:  Size  Location     Type
                  1    wreg      void 
 Registers used:
		wreg, fsr0l, fsr0h, status,2, status,0, pclath, cstack
 Tracked objects:
		On entry : 
		On exit  : 
		Unchanged: 
 Data sizes:     COMMON   BANK0   BANK1   BANK2
      Params:         0       0       0       0
      Locals:         1       0       0       0
      Temps:          1       0       0       0
      Totals:         2       0       0       0
Total ram usage:        2 bytes
 Hardware stack levels used:    1
 Hardware stack levels required when called:    5
 This function calls:
		_TM1640_sendAddress_and_Data
		_TM1640_sendCommand
 This function is called by:
		_main
 This function uses a non-reentrant model


 *************** function _TM1640_LEDarray *****************
 Defined at:
		line 126 in file "TM1640.c"
 Parameters:    Size  Location     Type
  value           1    wreg     unsigned char 
 Auto vars:     Size  Location     Type
  value           1    8[COMMON] unsigned char 
  pattern         1    9[COMMON] unsigned char 
 Return value:  Size  Location     Type
                  1    wreg      void 
 Registers used:
		wreg, fsr0l, fsr0h, status,2, status,0, pclath, cstack
 Tracked objects:
		On entry : 
		On exit  : 
		Unchanged: 
 Data sizes:     COMMON   BANK0   BANK1   BANK2
      Params:         0       0       0       0
      Locals:         2       0       0       0
      Temps:          1       0       0       0
      Totals:         3       0       0       0
Total ram usage:        3 bytes
 Hardware stack levels used:    1
 Hardware stack levels required when called:    5
 This function calls:
		_TM1640_sendAddress_and_Data
		_TM1640_sendCommand
 This function is called by:
		_main
 This function uses a non-reentrant model


 *************** function _TM1640_sendCommand *****************
 Defined at:
		line 30 in file "TM1640.c"
 Parameters:    Size  Location     Type
  command         1    wreg     unsigned char 
 Auto vars:     Size  Location     Type
  command         1    5[COMMON] unsigned char 
 Return value:  Size  Location     Type
                  1    wreg      void 
 Registers used:
		wreg, status,2, status,0, pclath, cstack
 Tracked objects:
		On entry : 
		On exit  : 
		Unchanged: 
 Data sizes:     COMMON   BANK0   BANK1   BANK2
      Params:         0       0       0       0
      Locals:         1       0       0       0
      Temps:          0       0       0       0
      Totals:         1       0       0       0
Total ram usage:        1 bytes
 Hardware stack levels used:    1
 Hardware stack levels required when called:    4
 This function calls:
		_TM1640_sendByte
 This function is called by:
		_TM1640_dispINT
		_TM1640_dispDEC
		_TM1640_dispVoltage
		_TM1640_dispLowBat
		_TM1640_diplayOFF
		_TM1640_LEDarray
		_TM1640_LEDarrayOFF
 This function uses a non-reentrant model


 *************** function _TM1640_sendAddress_and_Data *****************
 Defined at:
		line 45 in file "TM1640.c"
 Parameters:    Size  Location     Type
  adress          1    wreg     unsigned char 
  data            1    5[COMMON] unsigned char 
 Auto vars:     Size  Location     Type
  adress          1    6[COMMON] unsigned char 
 Return value:  Size  Location     Type
                  1    wreg      void 
 Registers used:
		wreg, status,2, status,0, pclath, cstack
 Tracked objects:
		On entry : 
		On exit  : 
		Unchanged: 
 Data sizes:     COMMON   BANK0   BANK1   BANK2
      Params:         1       0       0       0
      Locals:         1       0       0       0
      Temps:          0       0       0       0
      Totals:         2       0       0       0
Total ram usage:        2 bytes
 Hardware stack levels used:    1
 Hardware stack levels required when called:    4
 This function calls:
		_TM1640_sendByte
 This function is called by:
		_TM1640_dispINT
		_TM1640_dispDEC
		_TM1640_dispVoltage
		_TM1640_dispLowBat
		_TM1640_diplayOFF
		_TM1640_LEDarray
		_TM1640_LEDarrayOFF
 This function uses a non-reentrant model


 *************** function _TM1640_sendByte *****************
 Defined at:
		line 9 in file "TM1640.c"
 Parameters:    Size  Location     Type
  data            1    wreg     unsigned char 
 Auto vars:     Size  Location     Type
  data            1    3[COMMON] unsigned char 
  i               1    4[COMMON] unsigned char 
 Return value:  Size  Location     Type
                  1    wreg      void 
 Registers used:
		wreg, status,2, status,0
 Tracked objects:
		On entry : 
		On exit  : 
		Unchanged: 
 Data sizes:     COMMON   BANK0   BANK1   BANK2
      Params:         0       0       0       0
      Locals:         2       0       0       0
      Temps:          1       0       0       0
      Totals:         3       0       0       0
Total ram usage:        3 bytes
 Hardware stack levels used:    1
 Hardware stack levels required when called:    3
 This function calls:
		Nothing
 This function is called by:
		_TM1640_sendCommand
		_TM1640_sendAddress_and_Data
 This function uses a non-reentrant model


 *************** function _SYSTEM_Initialize *****************
 Defined at:
		line 50 in file "mcc_generated_files/mcc.c"
 Parameters:    Size  Location     Type
		None
 Auto vars:     Size  Location     Type
		None
 Return value:  Size  Location     Type
                  1    wreg      void 
 Registers used:
		wreg, status,2, status,0, pclath, cstack
 Tracked objects:
		On entry : 
		On exit  : 
		Unchanged: 
 Data sizes:     COMMON   BANK0   BANK1   BANK2
      Params:         0       0       0       0
      Locals:         0       0       0       0
      Temps:          0       0       0       0
      Totals:         0       0       0       0
Total ram usage:        0 bytes
 Hardware stack levels used:    1
 Hardware stack levels required when called:    5
 This function calls:
		_ADC_Initialize
		_OSCILLATOR_Initialize
		_PIN_MANAGER_Initialize
		_PMD_Initialize
		_TMR0_Initialize
		_TMR1_Initialize
		_WDT_Initialize
 This function is called by:
		_main
 This function uses a non-reentrant model


 *************** function _WDT_Initialize *****************
 Defined at:
		line 76 in file "mcc_generated_files/mcc.c"
 Parameters:    Size  Location     Type
		None
 Auto vars:     Size  Location     Type
		None
 Return value:  Size  Location     Type
                  1    wreg      void 
 Registers used:
		wreg
 Tracked objects:
		On entry : 
		On exit  : 
		Unchanged: 
 Data sizes:     COMMON   BANK0   BANK1   BANK2
      Params:         0       0       0       0
      Locals:         0       0       0       0
      Temps:          0       0       0       0
      Totals:         0       0       0       0
Total ram usage:        0 bytes
 Hardware stack levels used:    1
 Hardware stack levels required when called:    3
 This function calls:
		Nothing
 This function is called by:
		_SYSTEM_Initialize
 This function uses a non-reentrant model


 *************** function _TMR1_Initialize *****************
 Defined at:
		line 64 in file "mcc_generated_files/tmr1.c"
 Parameters:    Size  Location     Type
		None
 Auto vars:     Size  Location     Type
		None
 Return value:  Size  Location     Type
                  1    wreg      void 
 Registers used:
		wreg, status,2, status,0, pclath, cstack
 Tracked objects:
		On entry : 
		On exit  : 
		Unchanged: 
 Data sizes:     COMMON   BANK0   BANK1   BANK2
      Params:         0       0       0       0
      Locals:         0       0       0       0
      Temps:          0       0       0       0
      Totals:         0       0       0       0
Total ram usage:        0 bytes
 Hardware stack levels used:    1
 Hardware stack levels required when called:    4
 This function calls:
		_TMR1_SetInterruptHandler
 This function is called by:
		_SYSTEM_Initialize
 This function uses a non-reentrant model


 *************** function _TMR1_SetInterruptHandler *****************
 Defined at:
		line 171 in file "mcc_generated_files/tmr1.c"
 Parameters:    Size  Location     Type
  InterruptHan    2    2[COMMON] PTR FTN()void 
		 -> TimeCheck_ISR(1), TMR1_DefaultInterruptHandler(1), 
 Auto vars:     Size  Location     Type
		None
 Return value:  Size  Location     Type
                  1    wreg      void 
 Registers used:
		wreg
 Tracked objects:
		On entry : 
		On exit  : 
		Unchanged: 
 Data sizes:     COMMON   BANK0   BANK1   BANK2
      Params:         2       0       0       0
      Locals:         0       0       0       0
      Temps:          0       0       0       0
      Totals:         2       0       0       0
Total ram usage:        2 bytes
 Hardware stack levels used:    1
 Hardware stack levels required when called:    3
 This function calls:
		Nothing
 This function is called by:
		_TMR1_Initialize
		_main
 This function uses a non-reentrant model


 *************** function _TMR0_Initialize *****************
 Defined at:
		line 65 in file "mcc_generated_files/tmr0.c"
 Parameters:    Size  Location     Type
		None
 Auto vars:     Size  Location     Type
		None
 Return value:  Size  Location     Type
                  1    wreg      void 
 Registers used:
		wreg
 Tracked objects:
		On entry : 
		On exit  : 
		Unchanged: 
 Data sizes:     COMMON   BANK0   BANK1   BANK2
      Params:         0       0       0       0
      Locals:         0       0       0       0
      Temps:          0       0       0       0
      Totals:         0       0       0       0
Total ram usage:        0 bytes
 Hardware stack levels used:    1
 Hardware stack levels required when called:    3
 This function calls:
		Nothing
 This function is called by:
		_SYSTEM_Initialize
 This function uses a non-reentrant model


 *************** function _PMD_Initialize *****************
 Defined at:
		line 82 in file "mcc_generated_files/mcc.c"
 Parameters:    Size  Location     Type
		None
 Auto vars:     Size  Location     Type
		None
 Return value:  Size  Location     Type
                  1    wreg      void 
 Registers used:
		status,2
 Tracked objects:
		On entry : 
		On exit  : 
		Unchanged: 
 Data sizes:     COMMON   BANK0   BANK1   BANK2
      Params:         0       0       0       0
      Locals:         0       0       0       0
      Temps:          0       0       0       0
      Totals:         0       0       0       0
Total ram usage:        0 bytes
 Hardware stack levels used:    1
 Hardware stack levels required when called:    3
 This function calls:
		Nothing
 This function is called by:
		_SYSTEM_Initialize
 This function uses a non-reentrant model


 *************** function _PIN_MANAGER_Initialize *****************
 Defined at:
		line 57 in file "mcc_generated_files/pin_manager.c"
 Parameters:    Size  Location     Type
		None
 Auto vars:     Size  Location     Type
		None
 Return value:  Size  Location     Type
                  1    wreg      void 
 Registers used:
		wreg, status,2, status,0
 Tracked objects:
		On entry : 
		On exit  : 
		Unchanged: 
 Data sizes:     COMMON   BANK0   BANK1   BANK2
      Params:         0       0       0       0
      Locals:         0       0       0       0
      Temps:          0       0       0       0
      Totals:         0       0       0       0
Total ram usage:        0 bytes
 Hardware stack levels used:    1
 Hardware stack levels required when called:    3
 This function calls:
		Nothing
 This function is called by:
		_SYSTEM_Initialize
 This function uses a non-reentrant model


 *************** function _OSCILLATOR_Initialize *****************
 Defined at:
		line 62 in file "mcc_generated_files/mcc.c"
 Parameters:    Size  Location     Type
		None
 Auto vars:     Size  Location     Type
		None
 Return value:  Size  Location     Type
                  1    wreg      void 
 Registers used:
		wreg, status,2
 Tracked objects:
		On entry : 
		On exit  : 
		Unchanged: 
 Data sizes:     COMMON   BANK0   BANK1   BANK2
      Params:         0       0       0       0
      Locals:         0       0       0       0
      Temps:          0       0       0       0
      Totals:         0       0       0       0
Total ram usage:        0 bytes
 Hardware stack levels used:    1
 Hardware stack levels required when called:    3
 This function calls:
		Nothing
 This function is called by:
		_SYSTEM_Initialize
 This function uses a non-reentrant model


 *************** function _ADC_Initialize *****************
 Defined at:
		line 65 in file "mcc_generated_files/adc.c"
 Parameters:    Size  Location     Type
		None
 Auto vars:     Size  Location     Type
		None
 Return value:  Size  Location     Type
                  1    wreg      void 
 Registers used:
		wreg, status,2
 Tracked objects:
		On entry : 
		On exit  : 
		Unchanged: 
 Data sizes:     COMMON   BANK0   BANK1   BANK2
      Params:         0       0       0       0
      Locals:         0       0       0       0
      Temps:          0       0       0       0
      Totals:         0       0       0       0
Total ram usage:        0 bytes
 Hardware stack levels used:    1
 Hardware stack levels required when called:    3
 This function calls:
		Nothing
 This function is called by:
		_SYSTEM_Initialize
 This function uses a non-reentrant model


 *************** function _INTERRUPT_InterruptManager *****************
 Defined at:
		line 52 in file "mcc_generated_files/interrupt_manager.c"
 Parameters:    Size  Location     Type
		None
 Auto vars:     Size  Location     Type
		None
 Return value:  Size  Location     Type
                  1    wreg      void 
 Registers used:
		wreg, status,2, status,0, pclath, cstack
 Tracked objects:
		On entry : 
		On exit  : 
		Unchanged: 
 Data sizes:     COMMON   BANK0   BANK1   BANK2
      Params:         0       0       0       0
      Locals:         0       0       0       0
      Temps:          0       0       0       0
      Totals:         0       0       0       0
Total ram usage:        0 bytes
 Hardware stack levels used:    1
 Hardware stack levels required when called:    2
 This function calls:
		_TMR1_ISR
 This function is called by:
		Interrupt level 1
 This function uses a non-reentrant model


 *************** function _TMR1_ISR *****************
 Defined at:
		line 157 in file "mcc_generated_files/tmr1.c"
 Parameters:    Size  Location     Type
		None
 Auto vars:     Size  Location     Type
		None
 Return value:  Size  Location     Type
                  1    wreg      void 
 Registers used:
		wreg, status,2, status,0, pclath, cstack
 Tracked objects:
		On entry : 
		On exit  : 
		Unchanged: 
 Data sizes:     COMMON   BANK0   BANK1   BANK2
      Params:         0       0       0       0
      Locals:         0       0       0       0
      Temps:          0       0       0       0
      Totals:         0       0       0       0
Total ram usage:        0 bytes
 Hardware stack levels used:    1
 Hardware stack levels required when called:    1
 This function calls:
		Absolute function
		_TMR1_DefaultInterruptHandler
		_TimeCheck_ISR
		i1_TMR1_WriteTimer
 This function is called by:
		_INTERRUPT_InterruptManager
 This function uses a non-reentrant model


 *************** function i1_TMR1_WriteTimer *****************
 Defined at:
		line 120 in file "mcc_generated_files/tmr1.c"
 Parameters:    Size  Location     Type
  timerVal        2    0[COMMON] unsigned int 
 Auto vars:     Size  Location     Type
		None
 Return value:  Size  Location     Type
                  1    wreg      void 
 Registers used:
		wreg
 Tracked objects:
		On entry : 
		On exit  : 
		Unchanged: 
 Data sizes:     COMMON   BANK0   BANK1   BANK2
      Params:         2       0       0       0
      Locals:         0       0       0       0
      Temps:          0       0       0       0
      Totals:         2       0       0       0
Total ram usage:        2 bytes
 Hardware stack levels used:    1
 This function calls:
		Nothing
 This function is called by:
		_TMR1_ISR
 This function uses a non-reentrant model


 *************** function _TMR1_DefaultInterruptHandler *****************
 Defined at:
		line 175 in file "mcc_generated_files/tmr1.c"
 Parameters:    Size  Location     Type
		None
 Auto vars:     Size  Location     Type
		None
 Return value:  Size  Location     Type
                  1    wreg      void 
 Registers used:
		None
 Tracked objects:
		On entry : 
		On exit  : 
		Unchanged: 
 Data sizes:     COMMON   BANK0   BANK1   BANK2
      Params:         0       0       0       0
      Locals:         0       0       0       0
      Temps:          0       0       0       0
      Totals:         0       0       0       0
Total ram usage:        0 bytes
 Hardware stack levels used:    1
 This function calls:
		Nothing
 This function is called by:
		_TMR1_Initialize
		_TMR1_ISR
 This function uses a non-reentrant model


 *************** function _TimeCheck_ISR *****************
 Defined at:
		line 76 in file "main.c"
 Parameters:    Size  Location     Type
		None
 Auto vars:     Size  Location     Type
		None
 Return value:  Size  Location     Type
                  1    wreg      void 
 Registers used:
		wreg
 Tracked objects:
		On entry : 
		On exit  : 
		Unchanged: 
 Data sizes:     COMMON   BANK0   BANK1   BANK2
      Params:         0       0       0       0
      Locals:         0       0       0       0
      Temps:          0       0       0       0
      Totals:         0       0       0       0
Total ram usage:        0 bytes
 Hardware stack levels used:    1
 This function calls:
		Nothing
 This function is called by:
		_main
		_TMR1_ISR
 This function uses a non-reentrant model



MODULE INFORMATION

Module		Function		Class		Link	Load	Size
mcc_generated_files/interrupt_manager.c
		_INTERRUPT_InterruptManager		CODE           	0004	0000	13

mcc_generated_files/interrupt_manager.c estimated size: 13

C:\Program Files\Microchip\xc8\v2.31\pic\sources\c90\common\lwmod.c
		___lwmod       		CODE           	05D3	0000	44

C:\Program Files\Microchip\xc8\v2.31\pic\sources\c90\common\lwmod.c estimated size: 44

mcc_generated_files/tmr0.c
		_TMR0_StopTimer		CODE           	07D2	0000	3
		_TMR0_Reload   		CODE           	07BB	0000	5
		_TMR0_WriteTimer		CODE           	07B6	0000	5
		_TMR0_StartTimer		CODE           	07D5	0000	2
		_TMR0_Initialize		CODE           	075D	0000	14

mcc_generated_files/tmr0.c estimated size: 29

C:\Program Files\Microchip\xc8\v2.31\pic\sources\c90\common\Umul16.c
		___wmul        		CODE           	0662	0000	30

C:\Program Files\Microchip\xc8\v2.31\pic\sources\c90\common\Umul16.c estimated size: 30

mcc_generated_files/pin_manager.c
		_PIN_MANAGER_Initialize		CODE           	069C	0000	27

mcc_generated_files/pin_manager.c estimated size: 27

mcc_generated_files/adc.c
		_ADC_Initialize		CODE           	079C	0000	8
		_ADC_GetConversion		CODE           	0702	0000	22

mcc_generated_files/adc.c estimated size: 30

TM1640.c
		_TM1640_diplayOFF		CODE           	06D0	0000	25
		_TM1640_sendAddress_and_Data		CODE           	0622	0000	34
		_TM1640_init   		CODE           	07C4	0000	4
		_TM1640_dispDEC		CODE           	0503	0000	58
		_TM1640_dispINT		CODE           	04BD	0000	70
		_TM1640_dispLowBat		CODE           	06B7	0000	25
		_TM1640_LEDarrayOFF		CODE           	072C	0000	19
		_TM1640_dispVoltage		CODE           	041E	0000	88
		_TM1640_sendCommand		CODE           	0680	0000	28
		_TM1640_sendByte		CODE           	0571	0000	51
		_TM1640_LEDarray		CODE           	06E9	0000	25

TM1640.c estimated size: 427

C:\Program Files\Microchip\xc8\v2.31\pic\sources\c90\common\Umul32.c
		___lmul        		CODE           	05A4	0000	47

C:\Program Files\Microchip\xc8\v2.31\pic\sources\c90\common\Umul32.c estimated size: 47

C:\Program Files\Microchip\xc8\v2.31\pic\sources\c90\common\lwdiv.c
		___lwdiv       		CODE           	053D	0000	52

C:\Program Files\Microchip\xc8\v2.31\pic\sources\c90\common\lwdiv.c estimated size: 52

shared
		_DOT           		STRCODE        	0000	0000	0
		_NUMBER_FONT   		STRCODE        	0779	0000	11
		_LED_PATTERN   		STRCODE        	07A4	0000	6
		_LO_BAT        		STRCODE        	07CC	0000	3
		main@interval  		STRCODE        	0644	0000	30
		__initialization		CODE           	0012	0000	10
		i1_TMR1_WriteTimer		CODE           	076B	0000	14
		main@timeUnitH 		STRCODE        	0000	0000	0

shared estimated size: 74

mcc_generated_files/mcc.c
		_WDT_Initialize		CODE           	07C8	0000	4
		_PMD_Initialize		CODE           	078C	0000	8
		_OSCILLATOR_Initialize		CODE           	0794	0000	8
		_SYSTEM_Initialize		CODE           	0784	0000	8

mcc_generated_files/mcc.c estimated size: 28

mcc_generated_files/tmr1.c
		_TMR1_Initialize		CODE           	0718	0000	20
		_TMR1_SetInterruptHandler		CODE           	07B0	0000	6
		_TMR1_Reload   		CODE           	07AA	0000	6
		_TMR1_DefaultInterruptHandler		CODE           	07D8	0000	1
		_TMR1_WriteTimer		CODE           	074F	0000	14
		_TMR1_StartTimer		CODE           	07CF	0000	3
		_TMR1_ISR      		CODE           	073F	0000	16

mcc_generated_files/tmr1.c estimated size: 66

main.c
		_voltage_index 		CODE           	0476	0000	71
		_main          		CODE           	001F	0000	1023
		_TimeCheck_ISR 		CODE           	05FF	0000	35

main.c estimated size: 1129

